Microsoft Windows [Version 10.0.22631.4169]
(c) Microsoft Corporation. All rights reserved.

C:\Users\nefel\Desktop\new>git
usage: git [-v | --version] [-h | --help] [-C <path>] [-c <name>=<value>]
           [--exec-path[=<path>]] [--html-path] [--man-path] [--info-path]
           [-p | --paginate | -P | --no-pager] [--no-replace-objects] [--no-lazy-fetch]
           [--no-optional-locks] [--no-advice] [--bare] [--git-dir=<path>]
           [--work-tree=<path>] [--namespace=<name>] [--config-env=<name>=<envvar>]
           <command> [<args>]

These are common Git commands used in various situations:

start a working area (see also: git help tutorial)
   clone     Clone a repository into a new directory
   init      Create an empty Git repository or reinitialize an existing one

work on the current change (see also: git help everyday)
   add       Add file contents to the index
   mv        Move or rename a file, a directory, or a symlink
   restore   Restore working tree files
   rm        Remove files from the working tree and from the index

examine the history and state (see also: git help revisions)
   bisect    Use binary search to find the commit that introduced a bug
   diff      Show changes between commits, commit and working tree, etc
   grep      Print lines matching a pattern
   log       Show commit logs
   show      Show various types of objects
   status    Show the working tree status

grow, mark and tweak your common history
   branch    List, create, or delete branches
   commit    Record changes to the repository
   merge     Join two or more development histories together
   rebase    Reapply commits on top of another base tip
   reset     Reset current HEAD to the specified state
   switch    Switch branches
   tag       Create, list, delete or verify a tag object signed with GPG

collaborate (see also: git help workflows)
   fetch     Download objects and refs from another repository
   pull      Fetch from and integrate with another repository or a local branch
   push      Update remote refs along with associated objects

'git help -a' and 'git help -g' list available subcommands and some
concept guides. See 'git help <command>' or 'git help <concept>'
to read about a specific subcommand or concept.
See 'git help git' for an overview of the system.

C:\Users\nefel\Desktop\new>git clone https://github.com/Nefeli-Apostolou/Homework01.git
Cloning into 'Homework01'...
warning: You appear to have cloned an empty repository.

C:\Users\nefel\Desktop\new>git status
fatal: not a git repository (or any of the parent directories): .git

C:\Users\nefel\Desktop\new>cd .\Homework01

C:\Users\nefel\Desktop\new\Homework01>git status
On branch main

No commits yet

Untracked files:
  (use "git add <file>..." to include in what will be committed)
        test.txt

nothing added to commit but untracked files present (use "git add" to track)

C:\Users\nefel\Desktop\new\Homework01>git add .

C:\Users\nefel\Desktop\new\Homework01>git commit -m "test git system"
Author identity unknown

*** Please tell me who you are.

Run

  git config --global user.email "you@example.com"
  git config --global user.name "Your Name"

to set your account's default identity.
Omit --global to set the identity only in this repository.

fatal: unable to auto-detect email address (got 'nefel@NeffisPC.(none)')

C:\Users\nefel\Desktop\new\Homework01>git config --global user.email "nefeliapostolou@outlook.com"

C:\Users\nefel\Desktop\new\Homework01>git config --global user.name "Nefeli Apostolou"

C:\Users\nefel\Desktop\new\Homework01>git commit -m "test git system"
[main (root-commit) 7eaba70] test git system
 1 file changed, 0 insertions(+), 0 deletions(-)
 create mode 100644 test.txt

C:\Users\nefel\Desktop\new\Homework01>git push
info: please complete authentication in your browser...
Enumerating objects: 3, done.
Counting objects: 100% (3/3), done.
Writing objects: 100% (3/3), 219 bytes | 109.00 KiB/s, done.
Total 3 (delta 0), reused 0 (delta 0), pack-reused 0 (from 0)
To https://github.com/Nefeli-Apostolou/Homework01.git
 * [new branch]      main -> main

C:\Users\nefel\Desktop\new\Homework01>^A
